// Jest Snapshot v1, https://goo.gl/fbAQLP

exports[`insert auth token should insert token if signed in 1`] = `"Bearer test"`;
