// Jest Snapshot v1, https://goo.gl/fbAQLP

exports[`sign in should update current user 1`] = `
User {
  "avatarUrl": "https://avataaars.io/?avatarStyle=Circle&topType=WinterHat4&accessoriesType=Blank&hatColor=Red&facialHairType=BeardMajestic&facialHairColor=BlondeGolden&clotheType=BlazerShirt&eyeType=Default&eyebrowType=UnibrowNatural&mouthType=Default&skinColor=Brown",
  "id": "test",
  "role": "ADMIN",
  "username": "test",
}
`;
